
 /----------------------------------------------------------------------------\
 |  yosys -- Yosys Open SYnthesis Suite                                       |
 |  Copyright (C) 2012 - 2026  Claire Xenia Wolf <claire@yosyshq.com>         |
 |  Distributed under an ISC-like license, type "license" to see terms        |
 \----------------------------------------------------------------------------/
 Yosys 0.68+136 (git sha1 c30457480-dirty, Release, Clang /usr/bin/clang++ 21.1.8)

-- Running command `
plugin -i slang
read_slang --top mixed_16 designs/mixed_16.sv /home/darsh/gem/bench/flow/dsp48e2_bb.v /home/darsh/gem/aigpdk/gemcarry.v /home/darsh/gem/aigpdk/gemsrl.v
hierarchy -check -top mixed_16
proc;;
opt_expr; opt_dff; opt_clean
memory -nomap
memory_libmap -lib /home/darsh/gem/aigpdk/memlib_yosys.txt -logic-cost-rom 100 -logic-cost-ram 100
techmap -map /home/darsh/gem/aigpdk/gemmacro_map.v
read_verilog /home/darsh/gem/aigpdk/gemmacro.v
proc
hierarchy -check -top mixed_16
opt_expr -fine; opt_clean
synth -flatten
delete t:$print
dfflibmap -liberty /home/darsh/gem/aigpdk/aigpdk_nomem.lib
opt_clean -purge
abc -liberty /home/darsh/gem/aigpdk/aigpdk_nomem.lib
opt_clean -purge
techmap
abc -liberty /home/darsh/gem/aigpdk/aigpdk_nomem.lib
opt_clean -purge
setparam -unset INIT -unset IS_CLK_INVERTED t:SRLC32E
rename -hide w:*.*
stat
write_verilog -noattr results/mixed_16.macro.gv
' --

1. Executing SLANG frontend.
Top level design units:
    mixed_16

designs/mixed_16.sv:27:57: warning: output port 'ACOUT' has no connection [-Wunconnected-output-port]
             .USE_MULT("MULTIPLY"), .USE_SIMD("ONE48")) u_dsp (
                                                        ^
designs/mixed_16.sv:27:57: warning: output port 'BCOUT' has no connection [-Wunconnected-output-port]
             .USE_MULT("MULTIPLY"), .USE_SIMD("ONE48")) u_dsp (
                                                        ^
designs/mixed_16.sv:27:57: warning: output port 'CARRYCASCOUT' has no connection [-Wunconnected-output-port]
             .USE_MULT("MULTIPLY"), .USE_SIMD("ONE48")) u_dsp (
                                                        ^
designs/mixed_16.sv:27:57: warning: output port 'CARRYOUT' has no connection [-Wunconnected-output-port]
             .USE_MULT("MULTIPLY"), .USE_SIMD("ONE48")) u_dsp (
                                                        ^
designs/mixed_16.sv:27:57: warning: output port 'MULTSIGNOUT' has no connection [-Wunconnected-output-port]
             .USE_MULT("MULTIPLY"), .USE_SIMD("ONE48")) u_dsp (
                                                        ^
designs/mixed_16.sv:27:57: warning: output port 'OVERFLOW' has no connection [-Wunconnected-output-port]
             .USE_MULT("MULTIPLY"), .USE_SIMD("ONE48")) u_dsp (
                                                        ^
designs/mixed_16.sv:27:57: warning: output port 'PATTERNBDETECT' has no connection [-Wunconnected-output-port]
             .USE_MULT("MULTIPLY"), .USE_SIMD("ONE48")) u_dsp (
                                                        ^
designs/mixed_16.sv:27:57: warning: output port 'PATTERNDETECT' has no connection [-Wunconnected-output-port]
             .USE_MULT("MULTIPLY"), .USE_SIMD("ONE48")) u_dsp (
                                                        ^
designs/mixed_16.sv:27:57: warning: output port 'PCOUT' has no connection [-Wunconnected-output-port]
             .USE_MULT("MULTIPLY"), .USE_SIMD("ONE48")) u_dsp (
                                                        ^
designs/mixed_16.sv:27:57: warning: output port 'UNDERFLOW' has no connection [-Wunconnected-output-port]
             .USE_MULT("MULTIPLY"), .USE_SIMD("ONE48")) u_dsp (
                                                        ^
designs/mixed_16.sv:27:57: warning: output port 'XOROUT' has no connection [-Wunconnected-output-port]
             .USE_MULT("MULTIPLY"), .USE_SIMD("ONE48")) u_dsp (
                                                        ^
designs/mixed_16.sv:27:57: warning: output port 'ACOUT' has no connection [-Wunconnected-output-port]
             .USE_MULT("MULTIPLY"), .USE_SIMD("ONE48")) u_dsp (
                                                        ^
designs/mixed_16.sv:27:57: warning: output port 'BCOUT' has no connection [-Wunconnected-output-port]
             .USE_MULT("MULTIPLY"), .USE_SIMD("ONE48")) u_dsp (
                                                        ^
designs/mixed_16.sv:27:57: warning: output port 'CARRYCASCOUT' has no connection [-Wunconnected-output-port]
             .USE_MULT("MULTIPLY"), .USE_SIMD("ONE48")) u_dsp (
                                                        ^
designs/mixed_16.sv:27:57: warning: output port 'CARRYOUT' has no connection [-Wunconnected-output-port]
             .USE_MULT("MULTIPLY"), .USE_SIMD("ONE48")) u_dsp (
                                                        ^
designs/mixed_16.sv:27:57: warning: output port 'MULTSIGNOUT' has no connection [-Wunconnected-output-port]
             .USE_MULT("MULTIPLY"), .USE_SIMD("ONE48")) u_dsp (
                                                        ^
designs/mixed_16.sv:27:57: warning: output port 'OVERFLOW' has no connection [-Wunconnected-output-port]
             .USE_MULT("MULTIPLY"), .USE_SIMD("ONE48")) u_dsp (
                                                        ^
designs/mixed_16.sv:27:57: warning: output port 'PATTERNBDETECT' has no connection [-Wunconnected-output-port]
             .USE_MULT("MULTIPLY"), .USE_SIMD("ONE48")) u_dsp (
                                                        ^
designs/mixed_16.sv:27:57: warning: output port 'PATTERNDETECT' has no connection [-Wunconnected-output-port]
             .USE_MULT("MULTIPLY"), .USE_SIMD("ONE48")) u_dsp (
                                                        ^
designs/mixed_16.sv:27:57: warning: output port 'PCOUT' has no connection [-Wunconnected-output-port]
             .USE_MULT("MULTIPLY"), .USE_SIMD("ONE48")) u_dsp (
                                                        ^
designs/mixed_16.sv:27:57: warning: output port 'UNDERFLOW' has no connection [-Wunconnected-output-port]
             .USE_MULT("MULTIPLY"), .USE_SIMD("ONE48")) u_dsp (
                                                        ^
designs/mixed_16.sv:27:57: warning: output port 'XOROUT' has no connection [-Wunconnected-output-port]
             .USE_MULT("MULTIPLY"), .USE_SIMD("ONE48")) u_dsp (
                                                        ^
designs/mixed_16.sv:27:57: warning: output port 'ACOUT' has no connection [-Wunconnected-output-port]
             .USE_MULT("MULTIPLY"), .USE_SIMD("ONE48")) u_dsp (
                                                        ^
designs/mixed_16.sv:27:57: warning: output port 'BCOUT' has no connection [-Wunconnected-output-port]
             .USE_MULT("MULTIPLY"), .USE_SIMD("ONE48")) u_dsp (
                                                        ^
designs/mixed_16.sv:27:57: warning: output port 'CARRYCASCOUT' has no connection [-Wunconnected-output-port]
             .USE_MULT("MULTIPLY"), .USE_SIMD("ONE48")) u_dsp (
                                                        ^
designs/mixed_16.sv:27:57: warning: output port 'CARRYOUT' has no connection [-Wunconnected-output-port]
             .USE_MULT("MULTIPLY"), .USE_SIMD("ONE48")) u_dsp (
                                                        ^
designs/mixed_16.sv:27:57: warning: output port 'MULTSIGNOUT' has no connection [-Wunconnected-output-port]
             .USE_MULT("MULTIPLY"), .USE_SIMD("ONE48")) u_dsp (
                                                        ^
designs/mixed_16.sv:27:57: warning: output port 'OVERFLOW' has no connection [-Wunconnected-output-port]
             .USE_MULT("MULTIPLY"), .USE_SIMD("ONE48")) u_dsp (
                                                        ^
designs/mixed_16.sv:27:57: warning: output port 'PATTERNBDETECT' has no connection [-Wunconnected-output-port]
             .USE_MULT("MULTIPLY"), .USE_SIMD("ONE48")) u_dsp (
                                                        ^
designs/mixed_16.sv:27:57: warning: output port 'PATTERNDETECT' has no connection [-Wunconnected-output-port]
             .USE_MULT("MULTIPLY"), .USE_SIMD("ONE48")) u_dsp (
                                                        ^
designs/mixed_16.sv:27:57: warning: output port 'PCOUT' has no connection [-Wunconnected-output-port]
             .USE_MULT("MULTIPLY"), .USE_SIMD("ONE48")) u_dsp (
                                                        ^
designs/mixed_16.sv:27:57: warning: output port 'UNDERFLOW' has no connection [-Wunconnected-output-port]
             .USE_MULT("MULTIPLY"), .USE_SIMD("ONE48")) u_dsp (
                                                        ^
designs/mixed_16.sv:27:57: warning: output port 'XOROUT' has no connection [-Wunconnected-output-port]
             .USE_MULT("MULTIPLY"), .USE_SIMD("ONE48")) u_dsp (
                                                        ^
designs/mixed_16.sv:27:57: warning: output port 'ACOUT' has no connection [-Wunconnected-output-port]
             .USE_MULT("MULTIPLY"), .USE_SIMD("ONE48")) u_dsp (
                                                        ^
designs/mixed_16.sv:27:57: warning: output port 'BCOUT' has no connection [-Wunconnected-output-port]
             .USE_MULT("MULTIPLY"), .USE_SIMD("ONE48")) u_dsp (
                                                        ^
designs/mixed_16.sv:27:57: warning: output port 'CARRYCASCOUT' has no connection [-Wunconnected-output-port]
             .USE_MULT("MULTIPLY"), .USE_SIMD("ONE48")) u_dsp (
                                                        ^
designs/mixed_16.sv:27:57: warning: output port 'CARRYOUT' has no connection [-Wunconnected-output-port]
             .USE_MULT("MULTIPLY"), .USE_SIMD("ONE48")) u_dsp (
                                                        ^
designs/mixed_16.sv:27:57: warning: output port 'MULTSIGNOUT' has no connection [-Wunconnected-output-port]
             .USE_MULT("MULTIPLY"), .USE_SIMD("ONE48")) u_dsp (
                                                        ^
designs/mixed_16.sv:27:57: warning: output port 'OVERFLOW' has no connection [-Wunconnected-output-port]
             .USE_MULT("MULTIPLY"), .USE_SIMD("ONE48")) u_dsp (
                                                        ^
designs/mixed_16.sv:27:57: warning: output port 'PATTERNBDETECT' has no connection [-Wunconnected-output-port]
             .USE_MULT("MULTIPLY"), .USE_SIMD("ONE48")) u_dsp (
                                                        ^
designs/mixed_16.sv:27:57: warning: output port 'PATTERNDETECT' has no connection [-Wunconnected-output-port]
             .USE_MULT("MULTIPLY"), .USE_SIMD("ONE48")) u_dsp (
                                                        ^
designs/mixed_16.sv:27:57: warning: output port 'PCOUT' has no connection [-Wunconnected-output-port]
             .USE_MULT("MULTIPLY"), .USE_SIMD("ONE48")) u_dsp (
                                                        ^
designs/mixed_16.sv:27:57: warning: output port 'UNDERFLOW' has no connection [-Wunconnected-output-port]
             .USE_MULT("MULTIPLY"), .USE_SIMD("ONE48")) u_dsp (
                                                        ^
designs/mixed_16.sv:27:57: warning: output port 'XOROUT' has no connection [-Wunconnected-output-port]
             .USE_MULT("MULTIPLY"), .USE_SIMD("ONE48")) u_dsp (
                                                        ^
designs/mixed_16.sv:27:57: warning: output port 'ACOUT' has no connection [-Wunconnected-output-port]
             .USE_MULT("MULTIPLY"), .USE_SIMD("ONE48")) u_dsp (
                                                        ^
designs/mixed_16.sv:27:57: warning: output port 'BCOUT' has no connection [-Wunconnected-output-port]
             .USE_MULT("MULTIPLY"), .USE_SIMD("ONE48")) u_dsp (
                                                        ^
designs/mixed_16.sv:27:57: warning: output port 'CARRYCASCOUT' has no connection [-Wunconnected-output-port]
             .USE_MULT("MULTIPLY"), .USE_SIMD("ONE48")) u_dsp (
                                                        ^
designs/mixed_16.sv:27:57: warning: output port 'CARRYOUT' has no connection [-Wunconnected-output-port]
             .USE_MULT("MULTIPLY"), .USE_SIMD("ONE48")) u_dsp (
                                                        ^
designs/mixed_16.sv:27:57: warning: output port 'MULTSIGNOUT' has no connection [-Wunconnected-output-port]
             .USE_MULT("MULTIPLY"), .USE_SIMD("ONE48")) u_dsp (
                                                        ^
designs/mixed_16.sv:27:57: warning: output port 'OVERFLOW' has no connection [-Wunconnected-output-port]
             .USE_MULT("MULTIPLY"), .USE_SIMD("ONE48")) u_dsp (
                                                        ^
designs/mixed_16.sv:27:57: warning: output port 'PATTERNBDETECT' has no connection [-Wunconnected-output-port]
             .USE_MULT("MULTIPLY"), .USE_SIMD("ONE48")) u_dsp (
                                                        ^
designs/mixed_16.sv:27:57: warning: output port 'PATTERNDETECT' has no connection [-Wunconnected-output-port]
             .USE_MULT("MULTIPLY"), .USE_SIMD("ONE48")) u_dsp (
                                                        ^
designs/mixed_16.sv:27:57: warning: output port 'PCOUT' has no connection [-Wunconnected-output-port]
             .USE_MULT("MULTIPLY"), .USE_SIMD("ONE48")) u_dsp (
                                                        ^
designs/mixed_16.sv:27:57: warning: output port 'UNDERFLOW' has no connection [-Wunconnected-output-port]
             .USE_MULT("MULTIPLY"), .USE_SIMD("ONE48")) u_dsp (
                                                        ^
designs/mixed_16.sv:27:57: warning: output port 'XOROUT' has no connection [-Wunconnected-output-port]
             .USE_MULT("MULTIPLY"), .USE_SIMD("ONE48")) u_dsp (
                                                        ^
designs/mixed_16.sv:27:57: warning: output port 'ACOUT' has no connection [-Wunconnected-output-port]
             .USE_MULT("MULTIPLY"), .USE_SIMD("ONE48")) u_dsp (
                                                        ^
designs/mixed_16.sv:27:57: warning: output port 'BCOUT' has no connection [-Wunconnected-output-port]
             .USE_MULT("MULTIPLY"), .USE_SIMD("ONE48")) u_dsp (
                                                        ^
designs/mixed_16.sv:27:57: warning: output port 'CARRYCASCOUT' has no connection [-Wunconnected-output-port]
             .USE_MULT("MULTIPLY"), .USE_SIMD("ONE48")) u_dsp (
                                                        ^
designs/mixed_16.sv:27:57: warning: output port 'CARRYOUT' has no connection [-Wunconnected-output-port]
             .USE_MULT("MULTIPLY"), .USE_SIMD("ONE48")) u_dsp (
                                                        ^
designs/mixed_16.sv:27:57: warning: output port 'MULTSIGNOUT' has no connection [-Wunconnected-output-port]
             .USE_MULT("MULTIPLY"), .USE_SIMD("ONE48")) u_dsp (
                                                        ^
designs/mixed_16.sv:27:57: warning: output port 'OVERFLOW' has no connection [-Wunconnected-output-port]
             .USE_MULT("MULTIPLY"), .USE_SIMD("ONE48")) u_dsp (
                                                        ^
designs/mixed_16.sv:27:57: warning: output port 'PATTERNBDETECT' has no connection [-Wunconnected-output-port]
             .USE_MULT("MULTIPLY"), .USE_SIMD("ONE48")) u_dsp (
                                                        ^
designs/mixed_16.sv:27:57: warning: output port 'PATTERNDETECT' has no connection [-Wunconnected-output-port]
             .USE_MULT("MULTIPLY"), .USE_SIMD("ONE48")) u_dsp (
                                                        ^
designs/mixed_16.sv:27:57: warning: output port 'PCOUT' has no connection [-Wunconnected-output-port]
             .USE_MULT("MULTIPLY"), .USE_SIMD("ONE48")) u_dsp (
                                                        ^
designs/mixed_16.sv:27:57: warning: output port 'UNDERFLOW' has no connection [-Wunconnected-output-port]
             .USE_MULT("MULTIPLY"), .USE_SIMD("ONE48")) u_dsp (
                                                        ^
designs/mixed_16.sv:27:57: warning: output port 'XOROUT' has no connection [-Wunconnected-output-port]
             .USE_MULT("MULTIPLY"), .USE_SIMD("ONE48")) u_dsp (
                                                        ^
designs/mixed_16.sv:27:57: warning: output port 'ACOUT' has no connection [-Wunconnected-output-port]
             .USE_MULT("MULTIPLY"), .USE_SIMD("ONE48")) u_dsp (
                                                        ^
designs/mixed_16.sv:27:57: warning: output port 'BCOUT' has no connection [-Wunconnected-output-port]
             .USE_MULT("MULTIPLY"), .USE_SIMD("ONE48")) u_dsp (
                                                        ^
designs/mixed_16.sv:27:57: warning: output port 'CARRYCASCOUT' has no connection [-Wunconnected-output-port]
             .USE_MULT("MULTIPLY"), .USE_SIMD("ONE48")) u_dsp (
                                                        ^
designs/mixed_16.sv:27:57: warning: output port 'CARRYOUT' has no connection [-Wunconnected-output-port]
             .USE_MULT("MULTIPLY"), .USE_SIMD("ONE48")) u_dsp (
                                                        ^
designs/mixed_16.sv:27:57: warning: output port 'MULTSIGNOUT' has no connection [-Wunconnected-output-port]
             .USE_MULT("MULTIPLY"), .USE_SIMD("ONE48")) u_dsp (
                                                        ^
designs/mixed_16.sv:27:57: warning: output port 'OVERFLOW' has no connection [-Wunconnected-output-port]
             .USE_MULT("MULTIPLY"), .USE_SIMD("ONE48")) u_dsp (
                                                        ^
designs/mixed_16.sv:27:57: warning: output port 'PATTERNBDETECT' has no connection [-Wunconnected-output-port]
             .USE_MULT("MULTIPLY"), .USE_SIMD("ONE48")) u_dsp (
                                                        ^
designs/mixed_16.sv:27:57: warning: output port 'PATTERNDETECT' has no connection [-Wunconnected-output-port]
             .USE_MULT("MULTIPLY"), .USE_SIMD("ONE48")) u_dsp (
                                                        ^
designs/mixed_16.sv:27:57: warning: output port 'PCOUT' has no connection [-Wunconnected-output-port]
             .USE_MULT("MULTIPLY"), .USE_SIMD("ONE48")) u_dsp (
                                                        ^
designs/mixed_16.sv:27:57: warning: output port 'UNDERFLOW' has no connection [-Wunconnected-output-port]
             .USE_MULT("MULTIPLY"), .USE_SIMD("ONE48")) u_dsp (
                                                        ^
designs/mixed_16.sv:27:57: warning: output port 'XOROUT' has no connection [-Wunconnected-output-port]
             .USE_MULT("MULTIPLY"), .USE_SIMD("ONE48")) u_dsp (
                                                        ^
designs/mixed_16.sv:27:57: warning: output port 'ACOUT' has no connection [-Wunconnected-output-port]
             .USE_MULT("MULTIPLY"), .USE_SIMD("ONE48")) u_dsp (
                                                        ^
designs/mixed_16.sv:27:57: warning: output port 'BCOUT' has no connection [-Wunconnected-output-port]
             .USE_MULT("MULTIPLY"), .USE_SIMD("ONE48")) u_dsp (
                                                        ^
designs/mixed_16.sv:27:57: warning: output port 'CARRYCASCOUT' has no connection [-Wunconnected-output-port]
             .USE_MULT("MULTIPLY"), .USE_SIMD("ONE48")) u_dsp (
                                                        ^
designs/mixed_16.sv:27:57: warning: output port 'CARRYOUT' has no connection [-Wunconnected-output-port]
             .USE_MULT("MULTIPLY"), .USE_SIMD("ONE48")) u_dsp (
                                                        ^
designs/mixed_16.sv:27:57: warning: output port 'MULTSIGNOUT' has no connection [-Wunconnected-output-port]
             .USE_MULT("MULTIPLY"), .USE_SIMD("ONE48")) u_dsp (
                                                        ^
designs/mixed_16.sv:27:57: warning: output port 'OVERFLOW' has no connection [-Wunconnected-output-port]
             .USE_MULT("MULTIPLY"), .USE_SIMD("ONE48")) u_dsp (
                                                        ^
designs/mixed_16.sv:27:57: warning: output port 'PATTERNBDETECT' has no connection [-Wunconnected-output-port]
             .USE_MULT("MULTIPLY"), .USE_SIMD("ONE48")) u_dsp (
                                                        ^
designs/mixed_16.sv:27:57: warning: output port 'PATTERNDETECT' has no connection [-Wunconnected-output-port]
             .USE_MULT("MULTIPLY"), .USE_SIMD("ONE48")) u_dsp (
                                                        ^
designs/mixed_16.sv:27:57: warning: output port 'PCOUT' has no connection [-Wunconnected-output-port]
             .USE_MULT("MULTIPLY"), .USE_SIMD("ONE48")) u_dsp (
                                                        ^
designs/mixed_16.sv:27:57: warning: output port 'UNDERFLOW' has no connection [-Wunconnected-output-port]
             .USE_MULT("MULTIPLY"), .USE_SIMD("ONE48")) u_dsp (
                                                        ^
designs/mixed_16.sv:27:57: warning: output port 'XOROUT' has no connection [-Wunconnected-output-port]
             .USE_MULT("MULTIPLY"), .USE_SIMD("ONE48")) u_dsp (
                                                        ^
designs/mixed_16.sv:27:57: warning: output port 'ACOUT' has no connection [-Wunconnected-output-port]
             .USE_MULT("MULTIPLY"), .USE_SIMD("ONE48")) u_dsp (
                                                        ^
designs/mixed_16.sv:27:57: warning: output port 'BCOUT' has no connection [-Wunconnected-output-port]
             .USE_MULT("MULTIPLY"), .USE_SIMD("ONE48")) u_dsp (
                                                        ^
designs/mixed_16.sv:27:57: warning: output port 'CARRYCASCOUT' has no connection [-Wunconnected-output-port]
             .USE_MULT("MULTIPLY"), .USE_SIMD("ONE48")) u_dsp (
                                                        ^
designs/mixed_16.sv:27:57: warning: output port 'CARRYOUT' has no connection [-Wunconnected-output-port]
             .USE_MULT("MULTIPLY"), .USE_SIMD("ONE48")) u_dsp (
                                                        ^
designs/mixed_16.sv:27:57: warning: output port 'MULTSIGNOUT' has no connection [-Wunconnected-output-port]
             .USE_MULT("MULTIPLY"), .USE_SIMD("ONE48")) u_dsp (
                                                        ^
designs/mixed_16.sv:27:57: warning: output port 'OVERFLOW' has no connection [-Wunconnected-output-port]
             .USE_MULT("MULTIPLY"), .USE_SIMD("ONE48")) u_dsp (
                                                        ^
designs/mixed_16.sv:27:57: warning: output port 'PATTERNBDETECT' has no connection [-Wunconnected-output-port]
             .USE_MULT("MULTIPLY"), .USE_SIMD("ONE48")) u_dsp (
                                                        ^
designs/mixed_16.sv:27:57: warning: output port 'PATTERNDETECT' has no connection [-Wunconnected-output-port]
             .USE_MULT("MULTIPLY"), .USE_SIMD("ONE48")) u_dsp (
                                                        ^
designs/mixed_16.sv:27:57: warning: output port 'PCOUT' has no connection [-Wunconnected-output-port]
             .USE_MULT("MULTIPLY"), .USE_SIMD("ONE48")) u_dsp (
                                                        ^
designs/mixed_16.sv:27:57: warning: output port 'UNDERFLOW' has no connection [-Wunconnected-output-port]
             .USE_MULT("MULTIPLY"), .USE_SIMD("ONE48")) u_dsp (
                                                        ^
designs/mixed_16.sv:27:57: warning: output port 'XOROUT' has no connection [-Wunconnected-output-port]
             .USE_MULT("MULTIPLY"), .USE_SIMD("ONE48")) u_dsp (
                                                        ^
designs/mixed_16.sv:27:57: warning: output port 'ACOUT' has no connection [-Wunconnected-output-port]
             .USE_MULT("MULTIPLY"), .USE_SIMD("ONE48")) u_dsp (
                                                        ^
designs/mixed_16.sv:27:57: warning: output port 'BCOUT' has no connection [-Wunconnected-output-port]
             .USE_MULT("MULTIPLY"), .USE_SIMD("ONE48")) u_dsp (
                                                        ^
designs/mixed_16.sv:27:57: warning: output port 'CARRYCASCOUT' has no connection [-Wunconnected-output-port]
             .USE_MULT("MULTIPLY"), .USE_SIMD("ONE48")) u_dsp (
                                                        ^
designs/mixed_16.sv:27:57: warning: output port 'CARRYOUT' has no connection [-Wunconnected-output-port]
             .USE_MULT("MULTIPLY"), .USE_SIMD("ONE48")) u_dsp (
                                                        ^
designs/mixed_16.sv:27:57: warning: output port 'MULTSIGNOUT' has no connection [-Wunconnected-output-port]
             .USE_MULT("MULTIPLY"), .USE_SIMD("ONE48")) u_dsp (
                                                        ^
designs/mixed_16.sv:27:57: warning: output port 'OVERFLOW' has no connection [-Wunconnected-output-port]
             .USE_MULT("MULTIPLY"), .USE_SIMD("ONE48")) u_dsp (
                                                        ^
designs/mixed_16.sv:27:57: warning: output port 'PATTERNBDETECT' has no connection [-Wunconnected-output-port]
             .USE_MULT("MULTIPLY"), .USE_SIMD("ONE48")) u_dsp (
                                                        ^
designs/mixed_16.sv:27:57: warning: output port 'PATTERNDETECT' has no connection [-Wunconnected-output-port]
             .USE_MULT("MULTIPLY"), .USE_SIMD("ONE48")) u_dsp (
                                                        ^
designs/mixed_16.sv:27:57: warning: output port 'PCOUT' has no connection [-Wunconnected-output-port]
             .USE_MULT("MULTIPLY"), .USE_SIMD("ONE48")) u_dsp (
                                                        ^
designs/mixed_16.sv:27:57: warning: output port 'UNDERFLOW' has no connection [-Wunconnected-output-port]
             .USE_MULT("MULTIPLY"), .USE_SIMD("ONE48")) u_dsp (
                                                        ^
designs/mixed_16.sv:27:57: warning: output port 'XOROUT' has no connection [-Wunconnected-output-port]
             .USE_MULT("MULTIPLY"), .USE_SIMD("ONE48")) u_dsp (
                                                        ^
designs/mixed_16.sv:27:57: warning: output port 'ACOUT' has no connection [-Wunconnected-output-port]
             .USE_MULT("MULTIPLY"), .USE_SIMD("ONE48")) u_dsp (
                                                        ^
designs/mixed_16.sv:27:57: warning: output port 'BCOUT' has no connection [-Wunconnected-output-port]
             .USE_MULT("MULTIPLY"), .USE_SIMD("ONE48")) u_dsp (
                                                        ^
designs/mixed_16.sv:27:57: warning: output port 'CARRYCASCOUT' has no connection [-Wunconnected-output-port]
             .USE_MULT("MULTIPLY"), .USE_SIMD("ONE48")) u_dsp (
                                                        ^
designs/mixed_16.sv:27:57: warning: output port 'CARRYOUT' has no connection [-Wunconnected-output-port]
             .USE_MULT("MULTIPLY"), .USE_SIMD("ONE48")) u_dsp (
                                                        ^
designs/mixed_16.sv:27:57: warning: output port 'MULTSIGNOUT' has no connection [-Wunconnected-output-port]
             .USE_MULT("MULTIPLY"), .USE_SIMD("ONE48")) u_dsp (
                                                        ^
designs/mixed_16.sv:27:57: warning: output port 'OVERFLOW' has no connection [-Wunconnected-output-port]
             .USE_MULT("MULTIPLY"), .USE_SIMD("ONE48")) u_dsp (
                                                        ^
designs/mixed_16.sv:27:57: warning: output port 'PATTERNBDETECT' has no connection [-Wunconnected-output-port]
             .USE_MULT("MULTIPLY"), .USE_SIMD("ONE48")) u_dsp (
                                                        ^
designs/mixed_16.sv:27:57: warning: output port 'PATTERNDETECT' has no connection [-Wunconnected-output-port]
             .USE_MULT("MULTIPLY"), .USE_SIMD("ONE48")) u_dsp (
                                                        ^
designs/mixed_16.sv:27:57: warning: output port 'PCOUT' has no connection [-Wunconnected-output-port]
             .USE_MULT("MULTIPLY"), .USE_SIMD("ONE48")) u_dsp (
                                                        ^
designs/mixed_16.sv:27:57: warning: output port 'UNDERFLOW' has no connection [-Wunconnected-output-port]
             .USE_MULT("MULTIPLY"), .USE_SIMD("ONE48")) u_dsp (
                                                        ^
designs/mixed_16.sv:27:57: warning: output port 'XOROUT' has no connection [-Wunconnected-output-port]
             .USE_MULT("MULTIPLY"), .USE_SIMD("ONE48")) u_dsp (
                                                        ^
designs/mixed_16.sv:27:57: warning: output port 'ACOUT' has no connection [-Wunconnected-output-port]
             .USE_MULT("MULTIPLY"), .USE_SIMD("ONE48")) u_dsp (
                                                        ^
designs/mixed_16.sv:27:57: warning: output port 'BCOUT' has no connection [-Wunconnected-output-port]
             .USE_MULT("MULTIPLY"), .USE_SIMD("ONE48")) u_dsp (
                                                        ^
designs/mixed_16.sv:27:57: warning: output port 'CARRYCASCOUT' has no connection [-Wunconnected-output-port]
             .USE_MULT("MULTIPLY"), .USE_SIMD("ONE48")) u_dsp (
                                                        ^
designs/mixed_16.sv:27:57: warning: output port 'CARRYOUT' has no connection [-Wunconnected-output-port]
             .USE_MULT("MULTIPLY"), .USE_SIMD("ONE48")) u_dsp (
                                                        ^
designs/mixed_16.sv:27:57: warning: output port 'MULTSIGNOUT' has no connection [-Wunconnected-output-port]
             .USE_MULT("MULTIPLY"), .USE_SIMD("ONE48")) u_dsp (
                                                        ^
designs/mixed_16.sv:27:57: warning: output port 'OVERFLOW' has no connection [-Wunconnected-output-port]
             .USE_MULT("MULTIPLY"), .USE_SIMD("ONE48")) u_dsp (
                                                        ^
designs/mixed_16.sv:27:57: warning: output port 'PATTERNBDETECT' has no connection [-Wunconnected-output-port]
             .USE_MULT("MULTIPLY"), .USE_SIMD("ONE48")) u_dsp (
                                                        ^
designs/mixed_16.sv:27:57: warning: output port 'PATTERNDETECT' has no connection [-Wunconnected-output-port]
             .USE_MULT("MULTIPLY"), .USE_SIMD("ONE48")) u_dsp (
                                                        ^
designs/mixed_16.sv:27:57: warning: output port 'PCOUT' has no connection [-Wunconnected-output-port]
             .USE_MULT("MULTIPLY"), .USE_SIMD("ONE48")) u_dsp (
                                                        ^
designs/mixed_16.sv:27:57: warning: output port 'UNDERFLOW' has no connection [-Wunconnected-output-port]
             .USE_MULT("MULTIPLY"), .USE_SIMD("ONE48")) u_dsp (
                                                        ^
designs/mixed_16.sv:27:57: warning: output port 'XOROUT' has no connection [-Wunconnected-output-port]
             .USE_MULT("MULTIPLY"), .USE_SIMD("ONE48")) u_dsp (
                                                        ^
designs/mixed_16.sv:27:57: warning: output port 'ACOUT' has no connection [-Wunconnected-output-port]
             .USE_MULT("MULTIPLY"), .USE_SIMD("ONE48")) u_dsp (
                                                        ^
designs/mixed_16.sv:27:57: warning: output port 'BCOUT' has no connection [-Wunconnected-output-port]
             .USE_MULT("MULTIPLY"), .USE_SIMD("ONE48")) u_dsp (
                                                        ^
designs/mixed_16.sv:27:57: warning: output port 'CARRYCASCOUT' has no connection [-Wunconnected-output-port]
             .USE_MULT("MULTIPLY"), .USE_SIMD("ONE48")) u_dsp (
                                                        ^
designs/mixed_16.sv:27:57: warning: output port 'CARRYOUT' has no connection [-Wunconnected-output-port]
             .USE_MULT("MULTIPLY"), .USE_SIMD("ONE48")) u_dsp (
                                                        ^
designs/mixed_16.sv:27:57: warning: output port 'MULTSIGNOUT' has no connection [-Wunconnected-output-port]
             .USE_MULT("MULTIPLY"), .USE_SIMD("ONE48")) u_dsp (
                                                        ^
designs/mixed_16.sv:27:57: warning: output port 'OVERFLOW' has no connection [-Wunconnected-output-port]
             .USE_MULT("MULTIPLY"), .USE_SIMD("ONE48")) u_dsp (
                                                        ^
designs/mixed_16.sv:27:57: warning: output port 'PATTERNBDETECT' has no connection [-Wunconnected-output-port]
             .USE_MULT("MULTIPLY"), .USE_SIMD("ONE48")) u_dsp (
                                                        ^
designs/mixed_16.sv:27:57: warning: output port 'PATTERNDETECT' has no connection [-Wunconnected-output-port]
             .USE_MULT("MULTIPLY"), .USE_SIMD("ONE48")) u_dsp (
                                                        ^
designs/mixed_16.sv:27:57: warning: output port 'PCOUT' has no connection [-Wunconnected-output-port]
             .USE_MULT("MULTIPLY"), .USE_SIMD("ONE48")) u_dsp (
                                                        ^
designs/mixed_16.sv:27:57: warning: output port 'UNDERFLOW' has no connection [-Wunconnected-output-port]
             .USE_MULT("MULTIPLY"), .USE_SIMD("ONE48")) u_dsp (
                                                        ^
designs/mixed_16.sv:27:57: warning: output port 'XOROUT' has no connection [-Wunconnected-output-port]
             .USE_MULT("MULTIPLY"), .USE_SIMD("ONE48")) u_dsp (
                                                        ^
designs/mixed_16.sv:27:57: warning: output port 'ACOUT' has no connection [-Wunconnected-output-port]
             .USE_MULT("MULTIPLY"), .USE_SIMD("ONE48")) u_dsp (
                                                        ^
designs/mixed_16.sv:27:57: warning: output port 'BCOUT' has no connection [-Wunconnected-output-port]
             .USE_MULT("MULTIPLY"), .USE_SIMD("ONE48")) u_dsp (
                                                        ^
designs/mixed_16.sv:27:57: warning: output port 'CARRYCASCOUT' has no connection [-Wunconnected-output-port]
             .USE_MULT("MULTIPLY"), .USE_SIMD("ONE48")) u_dsp (
                                                        ^
designs/mixed_16.sv:27:57: warning: output port 'CARRYOUT' has no connection [-Wunconnected-output-port]
             .USE_MULT("MULTIPLY"), .USE_SIMD("ONE48")) u_dsp (
                                                        ^
designs/mixed_16.sv:27:57: warning: output port 'MULTSIGNOUT' has no connection [-Wunconnected-output-port]
             .USE_MULT("MULTIPLY"), .USE_SIMD("ONE48")) u_dsp (
                                                        ^
designs/mixed_16.sv:27:57: warning: output port 'OVERFLOW' has no connection [-Wunconnected-output-port]
             .USE_MULT("MULTIPLY"), .USE_SIMD("ONE48")) u_dsp (
                                                        ^
designs/mixed_16.sv:27:57: warning: output port 'PATTERNBDETECT' has no connection [-Wunconnected-output-port]
             .USE_MULT("MULTIPLY"), .USE_SIMD("ONE48")) u_dsp (
                                                        ^
designs/mixed_16.sv:27:57: warning: output port 'PATTERNDETECT' has no connection [-Wunconnected-output-port]
             .USE_MULT("MULTIPLY"), .USE_SIMD("ONE48")) u_dsp (
                                                        ^
designs/mixed_16.sv:27:57: warning: output port 'PCOUT' has no connection [-Wunconnected-output-port]
             .USE_MULT("MULTIPLY"), .USE_SIMD("ONE48")) u_dsp (
                                                        ^
designs/mixed_16.sv:27:57: warning: output port 'UNDERFLOW' has no connection [-Wunconnected-output-port]
             .USE_MULT("MULTIPLY"), .USE_SIMD("ONE48")) u_dsp (
                                                        ^
designs/mixed_16.sv:27:57: warning: output port 'XOROUT' has no connection [-Wunconnected-output-port]
             .USE_MULT("MULTIPLY"), .USE_SIMD("ONE48")) u_dsp (
                                                        ^
designs/mixed_16.sv:27:57: warning: output port 'ACOUT' has no connection [-Wunconnected-output-port]
             .USE_MULT("MULTIPLY"), .USE_SIMD("ONE48")) u_dsp (
                                                        ^
designs/mixed_16.sv:27:57: warning: output port 'BCOUT' has no connection [-Wunconnected-output-port]
             .USE_MULT("MULTIPLY"), .USE_SIMD("ONE48")) u_dsp (
                                                        ^
designs/mixed_16.sv:27:57: warning: output port 'CARRYCASCOUT' has no connection [-Wunconnected-output-port]
             .USE_MULT("MULTIPLY"), .USE_SIMD("ONE48")) u_dsp (
                                                        ^
designs/mixed_16.sv:27:57: warning: output port 'CARRYOUT' has no connection [-Wunconnected-output-port]
             .USE_MULT("MULTIPLY"), .USE_SIMD("ONE48")) u_dsp (
                                                        ^
designs/mixed_16.sv:27:57: warning: output port 'MULTSIGNOUT' has no connection [-Wunconnected-output-port]
             .USE_MULT("MULTIPLY"), .USE_SIMD("ONE48")) u_dsp (
                                                        ^
designs/mixed_16.sv:27:57: warning: output port 'OVERFLOW' has no connection [-Wunconnected-output-port]
             .USE_MULT("MULTIPLY"), .USE_SIMD("ONE48")) u_dsp (
                                                        ^
designs/mixed_16.sv:27:57: warning: output port 'PATTERNBDETECT' has no connection [-Wunconnected-output-port]
             .USE_MULT("MULTIPLY"), .USE_SIMD("ONE48")) u_dsp (
                                                        ^
designs/mixed_16.sv:27:57: warning: output port 'PATTERNDETECT' has no connection [-Wunconnected-output-port]
             .USE_MULT("MULTIPLY"), .USE_SIMD("ONE48")) u_dsp (
                                                        ^
designs/mixed_16.sv:27:57: warning: output port 'PCOUT' has no connection [-Wunconnected-output-port]
             .USE_MULT("MULTIPLY"), .USE_SIMD("ONE48")) u_dsp (
                                                        ^
designs/mixed_16.sv:27:57: warning: output port 'UNDERFLOW' has no connection [-Wunconnected-output-port]
             .USE_MULT("MULTIPLY"), .USE_SIMD("ONE48")) u_dsp (
                                                        ^
designs/mixed_16.sv:27:57: warning: output port 'XOROUT' has no connection [-Wunconnected-output-port]
             .USE_MULT("MULTIPLY"), .USE_SIMD("ONE48")) u_dsp (
                                                        ^
designs/mixed_16.sv:27:57: warning: output port 'ACOUT' has no connection [-Wunconnected-output-port]
             .USE_MULT("MULTIPLY"), .USE_SIMD("ONE48")) u_dsp (
                                                        ^
designs/mixed_16.sv:27:57: warning: output port 'BCOUT' has no connection [-Wunconnected-output-port]
             .USE_MULT("MULTIPLY"), .USE_SIMD("ONE48")) u_dsp (
                                                        ^
designs/mixed_16.sv:27:57: warning: output port 'CARRYCASCOUT' has no connection [-Wunconnected-output-port]
             .USE_MULT("MULTIPLY"), .USE_SIMD("ONE48")) u_dsp (
                                                        ^
designs/mixed_16.sv:27:57: warning: output port 'CARRYOUT' has no connection [-Wunconnected-output-port]
             .USE_MULT("MULTIPLY"), .USE_SIMD("ONE48")) u_dsp (
                                                        ^
designs/mixed_16.sv:27:57: warning: output port 'MULTSIGNOUT' has no connection [-Wunconnected-output-port]
             .USE_MULT("MULTIPLY"), .USE_SIMD("ONE48")) u_dsp (
                                                        ^
designs/mixed_16.sv:27:57: warning: output port 'OVERFLOW' has no connection [-Wunconnected-output-port]
             .USE_MULT("MULTIPLY"), .USE_SIMD("ONE48")) u_dsp (
                                                        ^
designs/mixed_16.sv:27:57: warning: output port 'PATTERNBDETECT' has no connection [-Wunconnected-output-port]
             .USE_MULT("MULTIPLY"), .USE_SIMD("ONE48")) u_dsp (
                                                        ^
designs/mixed_16.sv:27:57: warning: output port 'PATTERNDETECT' has no connection [-Wunconnected-output-port]
             .USE_MULT("MULTIPLY"), .USE_SIMD("ONE48")) u_dsp (
                                                        ^
designs/mixed_16.sv:27:57: warning: output port 'PCOUT' has no connection [-Wunconnected-output-port]
             .USE_MULT("MULTIPLY"), .USE_SIMD("ONE48")) u_dsp (
                                                        ^
designs/mixed_16.sv:27:57: warning: output port 'UNDERFLOW' has no connection [-Wunconnected-output-port]
             .USE_MULT("MULTIPLY"), .USE_SIMD("ONE48")) u_dsp (
                                                        ^
designs/mixed_16.sv:27:57: warning: output port 'XOROUT' has no connection [-Wunconnected-output-port]
             .USE_MULT("MULTIPLY"), .USE_SIMD("ONE48")) u_dsp (
                                                        ^

Build succeeded: 0 errors, 176 warnings

1.1. Executing PROC_CLEAN pass (remove empty switches from decision trees).
Removing empty process `mixed_16.$99'.
Removing empty process `mixed_16.$49'.
Removing empty process `mixed_16.$0'.
Cleaned up 0 empty switches.

1.2. Executing PROC_RMDEAD pass (remove dead branches from decision trees).
Removed a total of 0 dead cases.

1.3. Executing PROC_PRUNE pass (remove redundant assignments in processes).
Removed 0 redundant assignments.
Promoted 0 assignments to connections.

1.4. Executing PROC_INIT pass (extract init attributes).

1.5. Executing PROC_ROM pass (convert switches to ROMs).
Converted 0 switches.

1.6. Executing PROC_MUX pass (convert decision trees to multiplexers).

1.7. Executing PROC_CLEAN pass (remove empty switches from decision trees).
Cleaned up 0 empty switches.

1.8. Executing OPT_EXPR pass (perform const folding).
Optimizing module mixed_16.
<suppressed ~3 debug messages>

2. Executing HIERARCHY pass (managing design hierarchy).

2.1. Analyzing design hierarchy..
Top module:  \mixed_16

2.2. Analyzing design hierarchy..
Top module:  \mixed_16
Removed 0 unused modules.

3. Executing PROC pass (convert processes to netlists).

3.1. Executing PROC_CLEAN pass (remove empty switches from decision trees).
Cleaned up 0 empty switches.

3.2. Executing PROC_RMDEAD pass (remove dead branches from decision trees).
Removed a total of 0 dead cases.

3.3. Executing PROC_PRUNE pass (remove redundant assignments in processes).
Removed 0 redundant assignments.
Promoted 0 assignments to connections.

3.4. Executing PROC_INIT pass (extract init attributes).

3.5. Executing PROC_ARST pass (detect async resets in processes).

3.6. Executing PROC_ROM pass (convert switches to ROMs).
Converted 0 switches.

3.7. Executing PROC_MUX pass (convert decision trees to multiplexers).

3.8. Executing PROC_DLATCH pass (convert process syncs to latches).

3.9. Executing PROC_DFF pass (convert process syncs to FFs).

3.10. Executing PROC_MEMWR pass (convert process memory writes to cells).

3.11. Executing PROC_CLEAN pass (remove empty switches from decision trees).
Cleaned up 0 empty switches.

3.12. Executing OPT_EXPR pass (perform const folding).
Optimizing module mixed_16.
Removed 0 unused cells and 22 unused wires.

4. Executing OPT_EXPR pass (perform const folding).
Optimizing module mixed_16.

5. Executing OPT_DFF pass (perform DFF optimizations).
Adding SRST signal on $driver$q_xor ($dff) from module mixed_16 (D = \qa, Q = \q_xor, rval = 1'0).
Adding SRST signal on $driver$s_xor ($dff) from module mixed_16 (D = \sa, Q = \s_xor, rval = 0).
Adding SRST signal on $driver$p_xor ($dff) from module mixed_16 (D = \pa, Q = \p_xor, rval = 48'000000000000000000000000000000000000000000000000).

6. Executing OPT_CLEAN pass (remove unused cells and wires).
Finding unused cells or wires in module \mixed_16..
Removed 3 unused cells and 3 unused wires.
<suppressed ~4 debug messages>

7. Executing MEMORY pass.

7.1. Executing OPT_MEM pass (optimize memories).
Performed a total of 0 transformations.

7.2. Executing OPT_MEM_PRIORITY pass (removing unnecessary memory write priority relations).
Performed a total of 0 transformations.

7.3. Executing OPT_MEM_FEEDBACK pass (finding memory read-to-write feedback paths).

7.4. Executing MEMORY_BMUX2ROM pass (converting muxes to ROMs).

7.5. Executing MEMORY_DFF pass (merging $dff cells to $memrd).

7.6. Executing OPT_CLEAN pass (remove unused cells and wires).
Finding unused cells or wires in module \mixed_16..

7.7. Executing MEMORY_SHARE pass (consolidating $memrd/$memwr cells).

7.8. Executing OPT_MEM_WIDEN pass (optimize memories where all ports are wide).
Performed a total of 0 transformations.

7.9. Executing OPT_CLEAN pass (remove unused cells and wires).
Finding unused cells or wires in module \mixed_16..

7.10. Executing MEMORY_COLLECT pass (generating $mem cells).

8. Executing MEMORY_LIBMAP pass (mapping memories to cells).

9. Executing TECHMAP pass (map to technology primitives).

9.1. Executing Verilog-2005 frontend: /home/darsh/gem/aigpdk/gemmacro_map.v
Parsing Verilog input from `/home/darsh/gem/aigpdk/gemmacro_map.v' to AST representation.
Generating RTLIL representation for module `\DSP48E2'.
Successfully finished Verilog frontend.

9.2. Continuing TECHMAP pass.
Using template $paramod$bf96ed5ef4a8b889961b438967357944c21a890a\DSP48E2 for cells of type DSP48E2.
No more expansions possible.
<suppressed ~120 debug messages>

10. Executing Verilog-2005 frontend: /home/darsh/gem/aigpdk/gemmacro.v
Parsing Verilog input from `/home/darsh/gem/aigpdk/gemmacro.v' to AST representation.
Generating RTLIL representation for module `\GEM_DSP48E2'.
Successfully finished Verilog frontend.

11. Executing PROC pass (convert processes to netlists).

11.1. Executing PROC_CLEAN pass (remove empty switches from decision trees).
Cleaned up 0 empty switches.

11.2. Executing PROC_RMDEAD pass (remove dead branches from decision trees).
Removed a total of 0 dead cases.

11.3. Executing PROC_PRUNE pass (remove redundant assignments in processes).
Removed 0 redundant assignments.
Promoted 0 assignments to connections.

11.4. Executing PROC_INIT pass (extract init attributes).

11.5. Executing PROC_ARST pass (detect async resets in processes).

11.6. Executing PROC_ROM pass (convert switches to ROMs).
Converted 0 switches.

11.7. Executing PROC_MUX pass (convert decision trees to multiplexers).

11.8. Executing PROC_DLATCH pass (convert process syncs to latches).

11.9. Executing PROC_DFF pass (convert process syncs to FFs).

11.10. Executing PROC_MEMWR pass (convert process memory writes to cells).

11.11. Executing PROC_CLEAN pass (remove empty switches from decision trees).
Cleaned up 0 empty switches.

11.12. Executing OPT_EXPR pass (perform const folding).
Optimizing module mixed_16.
<suppressed ~192 debug messages>

12. Executing HIERARCHY pass (managing design hierarchy).

12.1. Analyzing design hierarchy..
Top module:  \mixed_16

12.2. Analyzing design hierarchy..
Top module:  \mixed_16
Removed 0 unused modules.

13. Executing OPT_EXPR pass (perform const folding).
Optimizing module mixed_16.

14. Executing OPT_CLEAN pass (remove unused cells and wires).
Finding unused cells or wires in module \mixed_16..
Removed 0 unused cells and 1056 unused wires.
<suppressed ~1 debug messages>

15. Executing SYNTH pass.

15.1. Executing HIERARCHY pass (managing design hierarchy).
Attribute `top' found on module `mixed_16'. Setting top module to mixed_16.

15.1.1. Analyzing design hierarchy..
Top module:  \mixed_16

15.1.2. Analyzing design hierarchy..
Top module:  \mixed_16
Removed 0 unused modules.

15.2. Executing PROC pass (convert processes to netlists).

15.2.1. Executing PROC_CLEAN pass (remove empty switches from decision trees).
Cleaned up 0 empty switches.

15.2.2. Executing PROC_RMDEAD pass (remove dead branches from decision trees).
Removed a total of 0 dead cases.

15.2.3. Executing PROC_PRUNE pass (remove redundant assignments in processes).
Removed 0 redundant assignments.
Promoted 0 assignments to connections.

15.2.4. Executing PROC_INIT pass (extract init attributes).

15.2.5. Executing PROC_ARST pass (detect async resets in processes).

15.2.6. Executing PROC_ROM pass (convert switches to ROMs).
Converted 0 switches.

15.2.7. Executing PROC_MUX pass (convert decision trees to multiplexers).

15.2.8. Executing PROC_DLATCH pass (convert process syncs to latches).

15.2.9. Executing PROC_DFF pass (convert process syncs to FFs).

15.2.10. Executing PROC_MEMWR pass (convert process memory writes to cells).

15.2.11. Executing PROC_CLEAN pass (remove empty switches from decision trees).
Cleaned up 0 empty switches.

15.2.12. Executing OPT_EXPR pass (perform const folding).
Optimizing module mixed_16.

15.3. Executing CHECK pass (checking for obvious problems).
Checking module mixed_16...
Found and reported 0 problems.

15.4. Executing FLATTEN pass (flatten design).

15.5. Executing OPT_EXPR pass (perform const folding).
Optimizing module mixed_16.

15.6. Executing OPT_CLEAN pass (remove unused cells and wires).
Finding unused cells or wires in module \mixed_16..

15.7. Executing CHECK pass (checking for obvious problems).
Checking module mixed_16...
Found and reported 0 problems.

15.8. Executing OPT pass (performing simple optimizations).

15.8.1. Executing OPT_EXPR pass (perform const folding).
Optimizing module mixed_16.

15.8.2. Executing OPT_MERGE pass (detect identical cells).
Finding identical cells in module `\mixed_16'.
Computing hashes of 304 cells of `\mixed_16'.
Finding duplicate cells in `\mixed_16'.
Removed a total of 0 cells.

15.8.3. Executing OPT_MUXTREE pass (detect dead branches in mux trees).
Running muxtree optimizer on module \mixed_16..
  Creating internal representation of mux trees.
  No muxes found in this module.
Removed 0 multiplexer ports.

15.8.4. Executing OPT_REDUCE pass (consolidate $*mux and $reduce_* inputs).
  Optimizing cells in module \mixed_16.
Performed a total of 0 changes.

15.8.5. Executing OPT_MERGE pass (detect identical cells).
Finding identical cells in module `\mixed_16'.
Computing hashes of 304 cells of `\mixed_16'.
Finding duplicate cells in `\mixed_16'.
Removed a total of 0 cells.

15.8.6. Executing OPT_DFF pass (perform DFF optimizations).

15.8.7. Executing OPT_CLEAN pass (remove unused cells and wires).
Finding unused cells or wires in module \mixed_16..

15.8.8. Executing OPT_EXPR pass (perform const folding).
Optimizing module mixed_16.

15.8.9. Finished fast OPT passes. (There is nothing left to do.)

15.9. Executing FSM pass (extract and optimize FSM).

15.9.1. Executing FSM_DETECT pass (finding FSMs in design).

15.9.2. Executing FSM_EXTRACT pass (extracting FSM from design).

15.9.3. Executing FSM_OPT pass (simple optimizations of FSMs).

15.9.4. Executing OPT_CLEAN pass (remove unused cells and wires).
Finding unused cells or wires in module \mixed_16..

15.9.5. Executing FSM_OPT pass (simple optimizations of FSMs).

15.9.6. Executing FSM_RECODE pass (re-assigning FSM state encoding).

15.9.7. Executing FSM_INFO pass (dumping all available information on FSM cells).

15.9.8. Executing FSM_MAP pass (mapping FSMs to basic logic).

15.10. Executing OPT pass (performing simple optimizations).

15.10.1. Executing OPT_EXPR pass (perform const folding).
Optimizing module mixed_16.

15.10.2. Executing OPT_MERGE pass (detect identical cells).
Finding identical cells in module `\mixed_16'.
Computing hashes of 304 cells of `\mixed_16'.
Finding duplicate cells in `\mixed_16'.
Removed a total of 0 cells.

15.10.3. Executing OPT_MUXTREE pass (detect dead branches in mux trees).
Running muxtree optimizer on module \mixed_16..
  Creating internal representation of mux trees.
  No muxes found in this module.
Removed 0 multiplexer ports.

15.10.4. Executing OPT_REDUCE pass (consolidate $*mux and $reduce_* inputs).
  Optimizing cells in module \mixed_16.
Performed a total of 0 changes.

15.10.5. Executing OPT_MERGE pass (detect identical cells).
Finding identical cells in module `\mixed_16'.
Computing hashes of 304 cells of `\mixed_16'.
Finding duplicate cells in `\mixed_16'.
Removed a total of 0 cells.

15.10.6. Executing OPT_DFF pass (perform DFF optimizations).

15.10.7. Executing OPT_CLEAN pass (remove unused cells and wires).
Finding unused cells or wires in module \mixed_16..

15.10.8. Executing OPT_EXPR pass (perform const folding).
Optimizing module mixed_16.

15.10.9. Finished fast OPT passes. (There is nothing left to do.)

15.11. Executing WREDUCE pass (reducing word size of cells).

15.12. Executing PEEPOPT pass (run peephole optimizers).

15.13. Executing OPT_CLEAN pass (remove unused cells and wires).
Finding unused cells or wires in module \mixed_16..

15.14. Executing ALUMACC pass (create $alu and $macc cells).
Extracting $alu and $macc cells in module mixed_16:
  created 0 $alu and 0 $macc cells.

15.15. Executing SHARE pass (SAT-based resource sharing).

15.16. Executing OPT pass (performing simple optimizations).

15.16.1. Executing OPT_EXPR pass (perform const folding).
Optimizing module mixed_16.

15.16.2. Executing OPT_MERGE pass (detect identical cells).
Finding identical cells in module `\mixed_16'.
Computing hashes of 304 cells of `\mixed_16'.
Finding duplicate cells in `\mixed_16'.
Removed a total of 0 cells.

15.16.3. Executing OPT_MUXTREE pass (detect dead branches in mux trees).
Running muxtree optimizer on module \mixed_16..
  Creating internal representation of mux trees.
  No muxes found in this module.
Removed 0 multiplexer ports.

15.16.4. Executing OPT_REDUCE pass (consolidate $*mux and $reduce_* inputs).
  Optimizing cells in module \mixed_16.
Performed a total of 0 changes.

15.16.5. Executing OPT_MERGE pass (detect identical cells).
Finding identical cells in module `\mixed_16'.
Computing hashes of 304 cells of `\mixed_16'.
Finding duplicate cells in `\mixed_16'.
Removed a total of 0 cells.

15.16.6. Executing OPT_DFF pass (perform DFF optimizations).

15.16.7. Executing OPT_CLEAN pass (remove unused cells and wires).
Finding unused cells or wires in module \mixed_16..

15.16.8. Executing OPT_EXPR pass (perform const folding).
Optimizing module mixed_16.

15.16.9. Finished fast OPT passes. (There is nothing left to do.)

15.17. Executing MEMORY pass.

15.17.1. Executing OPT_MEM pass (optimize memories).
Performed a total of 0 transformations.

15.17.2. Executing OPT_MEM_PRIORITY pass (removing unnecessary memory write priority relations).
Performed a total of 0 transformations.

15.17.3. Executing OPT_MEM_FEEDBACK pass (finding memory read-to-write feedback paths).

15.17.4. Executing MEMORY_BMUX2ROM pass (converting muxes to ROMs).

15.17.5. Executing MEMORY_DFF pass (merging $dff cells to $memrd).

15.17.6. Executing OPT_CLEAN pass (remove unused cells and wires).
Finding unused cells or wires in module \mixed_16..

15.17.7. Executing MEMORY_SHARE pass (consolidating $memrd/$memwr cells).

15.17.8. Executing OPT_MEM_WIDEN pass (optimize memories where all ports are wide).
Performed a total of 0 transformations.

15.17.9. Executing OPT_CLEAN pass (remove unused cells and wires).
Finding unused cells or wires in module \mixed_16..

15.17.10. Executing MEMORY_COLLECT pass (generating $mem cells).

15.18. Executing OPT_CLEAN pass (remove unused cells and wires).
Finding unused cells or wires in module \mixed_16..

15.19. Executing OPT pass (performing simple optimizations).

15.19.1. Executing OPT_EXPR pass (perform const folding).
Optimizing module mixed_16.

15.19.2. Executing OPT_MERGE pass (detect identical cells).
Finding identical cells in module `\mixed_16'.
Computing hashes of 304 cells of `\mixed_16'.
Finding duplicate cells in `\mixed_16'.
Removed a total of 0 cells.

15.19.3. Executing OPT_DFF pass (perform DFF optimizations).

15.19.4. Executing OPT_CLEAN pass (remove unused cells and wires).
Finding unused cells or wires in module \mixed_16..

15.19.5. Finished fast OPT passes.

15.20. Executing MEMORY_MAP pass (converting memories to logic and flip-flops).

15.21. Executing OPT pass (performing simple optimizations).

15.21.1. Executing OPT_EXPR pass (perform const folding).
Optimizing module mixed_16.

15.21.2. Executing OPT_MERGE pass (detect identical cells).
Finding identical cells in module `\mixed_16'.
Computing hashes of 304 cells of `\mixed_16'.
Finding duplicate cells in `\mixed_16'.
Removed a total of 0 cells.

15.21.3. Executing OPT_MUXTREE pass (detect dead branches in mux trees).
Running muxtree optimizer on module \mixed_16..
  Creating internal representation of mux trees.
  No muxes found in this module.
Removed 0 multiplexer ports.

15.21.4. Executing OPT_REDUCE pass (consolidate $*mux and $reduce_* inputs).
  Optimizing cells in module \mixed_16.
Performed a total of 0 changes.

15.21.5. Executing OPT_MERGE pass (detect identical cells).
Finding identical cells in module `\mixed_16'.
Computing hashes of 304 cells of `\mixed_16'.
Finding duplicate cells in `\mixed_16'.
Removed a total of 0 cells.

15.21.6. Executing OPT_SHARE pass.

15.21.7. Executing OPT_DFF pass (perform DFF optimizations).

15.21.8. Executing OPT_CLEAN pass (remove unused cells and wires).
Finding unused cells or wires in module \mixed_16..

15.21.9. Executing OPT_EXPR pass (perform const folding).
Optimizing module mixed_16.

15.21.10. Finished fast OPT passes. (There is nothing left to do.)

15.22. Executing TECHMAP pass (map to technology primitives).

15.22.1. Executing Verilog-2005 frontend: /home/darsh/oss-cad-suite/lib/../share/yosys/techmap.v
Parsing Verilog input from `/home/darsh/oss-cad-suite/lib/../share/yosys/techmap.v' to AST representation.
Generating RTLIL representation for module `\_90_simplemap_bool_ops'.
Generating RTLIL representation for module `\_90_simplemap_reduce_ops'.
Generating RTLIL representation for module `\_90_simplemap_logic_ops'.
Generating RTLIL representation for module `\_90_simplemap_compare_ops'.
Generating RTLIL representation for module `\_90_simplemap_various'.
Generating RTLIL representation for module `\_90_simplemap_registers'.
Generating RTLIL representation for module `\_90_shift_ops_shr_shl_sshl_sshr'.
Generating RTLIL representation for module `\_90_shift_shiftx'.
Generating RTLIL representation for module `\_90_fa'.
Generating RTLIL representation for module `\_90_lcu_brent_kung'.
Generating RTLIL representation for module `\_90_alu'.
Generating RTLIL representation for module `\_90_macc'.
Generating RTLIL representation for module `\_90_alumacc'.
Generating RTLIL representation for module `$__div_mod_u'.
Generating RTLIL representation for module `$__div_mod_trunc'.
Generating RTLIL representation for module `\_90_div'.
Generating RTLIL representation for module `\_90_mod'.
Generating RTLIL representation for module `$__div_mod_floor'.
Generating RTLIL representation for module `\_90_divfloor'.
Generating RTLIL representation for module `\_90_modfloor'.
Generating RTLIL representation for module `\_90_pow'.
Generating RTLIL representation for module `\_90_demux'.
Generating RTLIL representation for module `\_90_lut'.
Generating RTLIL representation for module `$connect'.
Generating RTLIL representation for module `$input_port'.
Successfully finished Verilog frontend.

15.22.2. Continuing TECHMAP pass.
Using extmapper simplemap for cells of type $sdff.
Using extmapper simplemap for cells of type $dff.
Using extmapper simplemap for cells of type $xor.
No more expansions possible.
<suppressed ~221 debug messages>

15.23. Executing OPT pass (performing simple optimizations).

15.23.1. Executing OPT_EXPR pass (perform const folding).
Optimizing module mixed_16.

15.23.2. Executing OPT_MERGE pass (detect identical cells).
Finding identical cells in module `\mixed_16'.
Computing hashes of 3792 cells of `\mixed_16'.
Finding duplicate cells in `\mixed_16'.
Removed a total of 0 cells.

15.23.3. Executing OPT_DFF pass (perform DFF optimizations).

15.23.4. Executing OPT_CLEAN pass (remove unused cells and wires).
Finding unused cells or wires in module \mixed_16..

15.23.5. Finished fast OPT passes.

15.24. Executing ABC pass (technology mapping using ABC).

15.24.1. Extracting gate netlist of module `\mixed_16' to `<abc-temp-dir>/input.blif'..

15.24.1.1. Executed ABC.
Extracted 1807 gates and 4132 wires to a netlist network with 2325 inputs and 673 outputs.
Running ABC script: <abc-temp-dir>/abc.script
ABC: UC Berkeley, ABC 1.01 (compiled Aug 28 2026 12:09:00)
ABC: abc 01> empty
ABC: abc 01> source <abc-temp-dir>/abc.script
ABC: + read_blif <abc-temp-dir>/input.blif 
ABC: + read_library <abc-temp-dir>/stdcells.genlib 
ABC: + strash 
ABC: + &get -n 
ABC: + &fraig -x 
ABC: + &put 
ABC: + scorr 
ABC: Warning: The network is combinational (run "fraig" or "fraig_sweep").
ABC: + dc2 
ABC: + dretime 
ABC: + strash 
ABC: + &get -n 
ABC: + &dch -f 
ABC: + &nf 
ABC: + &put 
ABC: + write_blif <abc-temp-dir>/output.blif 
ABC: 
ABC: YOSYS_ABC_DONE 

15.24.1.2. Re-integrating ABC results.
ABC RESULTS:              XNOR cells:      976
ABC RESULTS:               XOR cells:      831
ABC RESULTS:        internal signals:     1134
ABC RESULTS:           input signals:     2325
ABC RESULTS:          output signals:      673
Removing temp directory.
Removing global temp directory.

15.25. Executing OPT pass (performing simple optimizations).

15.25.1. Executing OPT_EXPR pass (perform const folding).
Optimizing module mixed_16.

15.25.2. Executing OPT_MERGE pass (detect identical cells).
Finding identical cells in module `\mixed_16'.
Computing hashes of 3792 cells of `\mixed_16'.
Finding duplicate cells in `\mixed_16'.
Removed a total of 0 cells.

15.25.3. Executing OPT_DFF pass (perform DFF optimizations).

15.25.4. Executing OPT_CLEAN pass (remove unused cells and wires).
Finding unused cells or wires in module \mixed_16..
Removed 0 unused cells and 3040 unused wires.
<suppressed ~1 debug messages>

15.25.5. Finished fast OPT passes.

15.26. Executing HIERARCHY pass (managing design hierarchy).
Attribute `top' found on module `mixed_16'. Setting top module to mixed_16.

15.26.1. Analyzing design hierarchy..
Top module:  \mixed_16

15.26.2. Analyzing design hierarchy..
Top module:  \mixed_16
Removed 0 unused modules.

15.27. Printing statistics.

=== mixed_16 ===

        +----------Local Count, excluding submodules.
        | 
     1173 wires
     5557 wire bits
       23 public wires
     4343 public wire bits
       11 ports
      198 port bits
     3792 cells
     1744   $_DFF_P_
       81   $_SDFF_PP0_
      976   $_XNOR_
      831   $_XOR_
      128   CARRY4
       16   GEM_DSP48E2
       16   SRLC32E

15.28. Executing CHECK pass (checking for obvious problems).
Checking module mixed_16...
Found and reported 0 problems.

16. Executing DFFLIBMAP pass (mapping DFF/DLATCH cells to sequential cells from liberty file).
  cell DFF (noninv, pins=3, area=100.00) is a direct match for cell type $_DFF_P_.
  cell DFFSR (noninv, pins=5, area=176.00) is a direct match for cell type $_DFFSR_PNN_.
  final dff/dlatch cell mappings:
    unmapped dff/dlatch cell: $_DFF_N_
    \DFF _DFF_P_ (.CLK( C), .D( D), .Q( Q));
    unmapped dff/dlatch cell: $_DFF_NN0_
    unmapped dff/dlatch cell: $_DFF_NN1_
    unmapped dff/dlatch cell: $_DFF_NP0_
    unmapped dff/dlatch cell: $_DFF_NP1_
    unmapped dff/dlatch cell: $_DFF_PN0_
    unmapped dff/dlatch cell: $_DFF_PN1_
    unmapped dff/dlatch cell: $_DFF_PP0_
    unmapped dff/dlatch cell: $_DFF_PP1_
    unmapped dff/dlatch cell: $_DFFE_NN_
    unmapped dff/dlatch cell: $_DFFE_NP_
    unmapped dff/dlatch cell: $_DFFE_PN_
    unmapped dff/dlatch cell: $_DFFE_PP_
    unmapped dff/dlatch cell: $_DFFSR_NNN_
    unmapped dff/dlatch cell: $_DFFSR_NNP_
    unmapped dff/dlatch cell: $_DFFSR_NPN_
    unmapped dff/dlatch cell: $_DFFSR_NPP_
    \DFFSR _DFFSR_PNN_ (.CLK( C), .D( D), .Q( Q), .R( R), .S( S));
    unmapped dff/dlatch cell: $_DFFSR_PNP_
    unmapped dff/dlatch cell: $_DFFSR_PPN_
    unmapped dff/dlatch cell: $_DFFSR_PPP_
    unmapped dff/dlatch cell: $_DLATCH_N_
    unmapped dff/dlatch cell: $_DLATCH_P_
    unmapped dff/dlatch cell: $_DLATCH_NN0_
    unmapped dff/dlatch cell: $_DLATCH_NN1_
    unmapped dff/dlatch cell: $_DLATCH_NP0_
    unmapped dff/dlatch cell: $_DLATCH_NP1_
    unmapped dff/dlatch cell: $_DLATCH_PN0_
    unmapped dff/dlatch cell: $_DLATCH_PN1_
    unmapped dff/dlatch cell: $_DLATCH_PP0_
    unmapped dff/dlatch cell: $_DLATCH_PP1_
    unmapped dff/dlatch cell: $_DLATCHSR_NNN_
    unmapped dff/dlatch cell: $_DLATCHSR_NNP_
    unmapped dff/dlatch cell: $_DLATCHSR_NPN_
    unmapped dff/dlatch cell: $_DLATCHSR_NPP_
    unmapped dff/dlatch cell: $_DLATCHSR_PNN_
    unmapped dff/dlatch cell: $_DLATCHSR_PNP_
    unmapped dff/dlatch cell: $_DLATCHSR_PPN_
    unmapped dff/dlatch cell: $_DLATCHSR_PPP_

16.1. Executing DFFLEGALIZE pass (convert FFs and LATCHes to types supported by the target).
Mapping DFF/DLATCH cells in module `\mixed_16':
  mapped 1825 $_DFF_P_ cells to \DFF cells.

17. Executing OPT_CLEAN pass (remove unused cells and wires).
Finding unused cells or wires in module \mixed_16..

18. Executing ABC pass (technology mapping using ABC).

18.1. Extracting gate netlist of module `\mixed_16' to `<abc-temp-dir>/input.blif'..
ABC: using cached merged SCL: /tmp/yosys-liberty-scl-cache/yosys_merged_e4e0a21d.scl (1 files)

18.1.1. Executed ABC.
Extracted 1888 gates and 4215 wires to a netlist network with 2326 inputs and 673 outputs.
Running ABC script: <abc-temp-dir>/abc.script
ABC: UC Berkeley, ABC 1.01 (compiled Aug 28 2026 12:09:00)
ABC: abc 01> empty
ABC: abc 01> source <abc-temp-dir>/abc.script
ABC: + read_blif <abc-temp-dir>/input.blif 
ABC: + read_scl /tmp/yosys-liberty-scl-cache/yosys_merged_e4e0a21d.scl 
ABC: + strash 
ABC: + &get -n 
ABC: + &fraig -x 
ABC: + &put 
ABC: + scorr 
ABC: Warning: The network is combinational (run "fraig" or "fraig_sweep").
ABC: + dc2 
ABC: + dretime 
ABC: + strash 
ABC: + &get -n 
ABC: + &dch -f 
ABC: + &nf 
ABC: + &put 
ABC: + write_blif <abc-temp-dir>/output.blif 
ABC: 
ABC: YOSYS_ABC_DONE 

18.1.2. Re-integrating ABC results.
ABC RESULTS:         AND2_00_0 cells:      909
ABC RESULTS:         AND2_01_0 cells:     2421
ABC RESULTS:         AND2_10_0 cells:        7
ABC RESULTS:         AND2_11_0 cells:      420
ABC RESULTS:         AND2_11_1 cells:     1745
ABC RESULTS:               INV cells:      146
ABC RESULTS:        internal signals:     1216
ABC RESULTS:           input signals:     2326
ABC RESULTS:          output signals:      673
Removing temp directory.
Removing global temp directory.

19. Executing OPT_CLEAN pass (remove unused cells and wires).
Finding unused cells or wires in module \mixed_16..
Removed 0 unused cells and 4136 unused wires.
<suppressed ~4 debug messages>

20. Executing TECHMAP pass (map to technology primitives).

20.1. Executing Verilog-2005 frontend: /home/darsh/oss-cad-suite/lib/../share/yosys/techmap.v
Parsing Verilog input from `/home/darsh/oss-cad-suite/lib/../share/yosys/techmap.v' to AST representation.
Generating RTLIL representation for module `\_90_simplemap_bool_ops'.
Generating RTLIL representation for module `\_90_simplemap_reduce_ops'.
Generating RTLIL representation for module `\_90_simplemap_logic_ops'.
Generating RTLIL representation for module `\_90_simplemap_compare_ops'.
Generating RTLIL representation for module `\_90_simplemap_various'.
Generating RTLIL representation for module `\_90_simplemap_registers'.
Generating RTLIL representation for module `\_90_shift_ops_shr_shl_sshl_sshr'.
Generating RTLIL representation for module `\_90_shift_shiftx'.
Generating RTLIL representation for module `\_90_fa'.
Generating RTLIL representation for module `\_90_lcu_brent_kung'.
Generating RTLIL representation for module `\_90_alu'.
Generating RTLIL representation for module `\_90_macc'.
Generating RTLIL representation for module `\_90_alumacc'.
Generating RTLIL representation for module `$__div_mod_u'.
Generating RTLIL representation for module `$__div_mod_trunc'.
Generating RTLIL representation for module `\_90_div'.
Generating RTLIL representation for module `\_90_mod'.
Generating RTLIL representation for module `$__div_mod_floor'.
Generating RTLIL representation for module `\_90_divfloor'.
Generating RTLIL representation for module `\_90_modfloor'.
Generating RTLIL representation for module `\_90_pow'.
Generating RTLIL representation for module `\_90_demux'.
Generating RTLIL representation for module `\_90_lut'.
Generating RTLIL representation for module `$connect'.
Generating RTLIL representation for module `$input_port'.
Successfully finished Verilog frontend.

20.2. Continuing TECHMAP pass.
No more expansions possible.
<suppressed ~77 debug messages>

21. Executing ABC pass (technology mapping using ABC).

21.1. Extracting gate netlist of module `\mixed_16' to `<abc-temp-dir>/input.blif'..
ABC: using cached merged SCL: /tmp/yosys-liberty-scl-cache/yosys_merged_e4e0a21d.scl (1 files)

21.1.1. Executed ABC.
Extracted 0 gates and 0 wires to a netlist network with 0 inputs and 0 outputs.
Don't call ABC as there is nothing to map.
Removing temp directory.
Removing global temp directory.

22. Executing OPT_CLEAN pass (remove unused cells and wires).
Finding unused cells or wires in module \mixed_16..

23. Printing statistics.

=== mixed_16 ===

        +----------Local Count, excluding submodules.
        | 
     5092 wires
     9398 wire bits
       20 public wires
     4262 public wire bits
       11 ports
      198 port bits
     7633 cells
      909   AND2_00_0
     2421   AND2_01_0
        7   AND2_10_0
      420   AND2_11_0
     1745   AND2_11_1
      128   CARRY4
     1825   DFF
       16   GEM_DSP48E2
      146   INV
       16   SRLC32E

24. Executing Verilog backend.

24.1. Executing BMUXMAP pass.

24.2. Executing DEMUXMAP pass.
Dumping module `\mixed_16'.

End of script. Logfile hash: d5fbfb3b65, time: 2.32s, user: 0.30s, system: 0.04s, MEM: 48.63 MB peak
Yosys 0.68+136 (git sha1 c30457480-dirty, Release, Clang /usr/bin/clang++ 21.1.8)
Time spent: 87% 3x abc (2 sec), 3% 20x opt_clean (0 sec), ...
